// Jest Snapshot v1, https://goo.gl/fbAQLP

exports[`<MediaShowcase /> should render the title 1`] = `
<div
  class=""
>
  <div
    class=""
  >
    <span
      class=""
    >
      Trending
    </span>
    <div
      class=""
    >
      movies
      tv shows
    </div>
  </div>
  <div
    class=""
  >
    movies
  </div>
</div>
`
